============================= test session starts ==============================
platform darwin -- Python 3.14.0, pytest-7.4.3, pluggy-1.6.0 -- /Users/mikey/workspace/lynch-stock-screener/.venv/bin/python
cachedir: .pytest_cache
rootdir: /Users/mikey/workspace/lynch-stock-screener
configfile: pytest.ini
plugins: playwright-0.7.2, anyio-4.12.0, base-url-2.1.0, cov-7.0.0
collecting ... collected 722 items

backend/tests/test_aapl_integration.py::test_aapl_edgar_eps SKIPPED      [  0%]
backend/tests/test_addition_thresholds_agent.py::test_create_strategy_with_addition_thresholds FAILED [  0%]
backend/tests/test_addition_thresholds_agent.py::test_update_strategy_with_addition_thresholds FAILED [  0%]
backend/tests/test_admin_filtering.py::TestAdminJobFiltering::test_get_all_jobs ERROR [  0%]
backend/tests/test_admin_filtering.py::TestAdminJobFiltering::test_filter_by_job_type ERROR [  0%]
backend/tests/test_admin_filtering.py::TestAdminJobFiltering::test_filter_by_nonexistent_type ERROR [  0%]
backend/tests/test_admin_filtering.py::TestAdminJobFiltering::test_filter_sql_injection_prevention ERROR [  0%]
backend/tests/test_admin_job_stats.py::test_get_job_stats ERROR          [  1%]
backend/tests/test_agent_robustness.py::test_chat_retry_on_max_iterations PASSED [  1%]
backend/tests/test_agent_robustness.py::test_chat_stream_temperature_and_retry PASSED [  1%]
backend/tests/test_alerts_e2e.py::test_worker_check_alerts PASSED        [  1%]
backend/tests/test_alerts_e2e.py::test_alert_creation_and_retrieval PASSED [  1%]
backend/tests/test_alerts_e2e.py::test_agent_manage_alerts_tool FAILED   [  1%]
backend/tests/test_algo_api.py::test_algorithm_api[weighted] PASSED      [  1%]
backend/tests/test_algorithm_optimizer.py::TestAlgorithmOptimizer::test_bayesian_optimize_with_mock_data PASSED [  2%]
backend/tests/test_algorithm_optimizer.py::TestThresholdConstraints::test_lynch_peg_thresholds_lower_is_better PASSED [  2%]
backend/tests/test_algorithm_optimizer.py::TestThresholdConstraints::test_lynch_debt_equity_thresholds_lower_is_better PASSED [  2%]
backend/tests/test_algorithm_optimizer.py::TestThresholdConstraints::test_lynch_institutional_ownership_min_less_than_max PASSED [  2%]
backend/tests/test_algorithm_optimizer.py::TestThresholdConstraints::test_lynch_revenue_growth_higher_is_better PASSED [  2%]
backend/tests/test_algorithm_optimizer.py::TestThresholdConstraints::test_lynch_income_growth_higher_is_better PASSED [  2%]
backend/tests/test_algorithm_optimizer.py::TestThresholdConstraints::test_buffett_debt_to_earnings_lower_is_better PASSED [  2%]
backend/tests/test_algorithm_optimizer.py::TestThresholdConstraints::test_buffett_roe_higher_is_better PASSED [  3%]
backend/tests/test_algorithm_optimizer.py::TestThresholdConstraints::test_buffett_gross_margin_higher_is_better PASSED [  3%]
backend/tests/test_algorithm_optimizer.py::TestThresholdConstraints::test_correctly_ordered_config_unchanged PASSED [  3%]
backend/tests/test_algorithm_optimizer.py::TestThresholdConstraints::test_missing_thresholds_handled_gracefully PASSED [  3%]
backend/tests/test_amd_debt.py::test_amd SKIPPED (RUN_INTEGRATION_TE...) [  3%]
backend/tests/test_app.py::test_health_endpoint PASSED                   [  3%]
backend/tests/test_app.py::test_stock_history_endpoint_handles_missing_stock FAILED [  3%]
backend/tests/test_app.py::test_stock_history_endpoint_handles_negative_eps FAILED [  4%]
backend/tests/test_app.py::test_lynch_analysis_endpoint_returns_cached_analysis FAILED [  4%]
backend/tests/test_app.py::test_lynch_analysis_endpoint_generates_fresh_analysis FAILED [  4%]
backend/tests/test_app.py::test_lynch_analysis_refresh_endpoint FAILED   [  4%]
backend/tests/test_app.py::test_lynch_analysis_endpoint_returns_404_for_unknown_stock FAILED [  4%]
backend/tests/test_app.py::test_economy_link_feature_flag_exists_in_settings FAILED [  4%]
backend/tests/test_app.py::test_economy_link_feature_flag_can_be_toggled FAILED [  4%]
backend/tests/test_app.py::test_fred_api_accessible_regardless_of_ui_flag FAILED [  4%]
backend/tests/test_background_jobs.py::TestBackgroundJobsTable::test_background_jobs_table_exists FAILED [  5%]
backend/tests/test_background_jobs.py::TestJobCreation::test_create_job_returns_id FAILED [  5%]
backend/tests/test_background_jobs.py::TestJobCreation::test_create_job_stores_params FAILED [  5%]
backend/tests/test_background_jobs.py::TestJobCreation::test_create_job_initial_status_is_pending FAILED [  5%]
backend/tests/test_background_jobs.py::TestJobCreation::test_create_job_has_created_at_timestamp FAILED [  5%]
backend/tests/test_background_jobs.py::TestJobClaiming::test_claim_job_returns_job FAILED [  5%]
backend/tests/test_background_jobs.py::TestJobClaiming::test_claim_job_sets_claimed_by FAILED [  5%]
backend/tests/test_background_jobs.py::TestJobClaiming::test_claim_job_sets_claimed_at FAILED [  6%]
backend/tests/test_background_jobs.py::TestJobClaiming::test_claim_job_sets_expiry FAILED [  6%]
backend/tests/test_background_jobs.py::TestJobClaiming::test_claim_returns_none_when_no_pending_jobs FAILED [  6%]
backend/tests/test_background_jobs.py::TestJobClaiming::test_claim_is_atomic FAILED [  6%]
backend/tests/test_background_jobs.py::TestJobProgress::test_update_job_progress FAILED [  6%]
backend/tests/test_background_jobs.py::TestJobProgress::test_update_job_progress_counts FAILED [  6%]
backend/tests/test_background_jobs.py::TestJobProgress::test_update_job_status_to_running FAILED [  6%]
backend/tests/test_background_jobs.py::TestJobCompletion::test_complete_job FAILED [  7%]
backend/tests/test_background_jobs.py::TestJobCompletion::test_fail_job FAILED [  7%]
backend/tests/test_background_jobs.py::TestJobCompletion::test_cancel_job FAILED [  7%]
backend/tests/test_background_jobs.py::TestJobHeartbeat::test_extend_job_claim FAILED [  7%]
backend/tests/test_background_jobs.py::TestJobRetrieval::test_get_job_by_id FAILED [  7%]
backend/tests/test_background_jobs.py::TestJobRetrieval::test_get_nonexistent_job_returns_none FAILED [  7%]
backend/tests/test_background_jobs.py::TestJobRetrieval::test_get_pendingERROR [  7%]
backend/tests/test_background_jobs.py::TestJobRelease::test_release_job ERROR [  8%]
backend/tests/test_backtest_api.py::test_backtest_endpoint ERROR         [  8%]
backend/tests/test_backtest_api.py::test_backtest_missing_symbol ERROR   [  8%]
backend/tests/test_backtester.py::TestBacktester::test_fetch_historical_prices PASSED [  8%]
backend/tests/test_backtester.py::TestBacktester::test_get_historical_score_no_price PASSED [  8%]
backend/tests/test_backtester.py::TestBacktester::test_get_historical_score_success PASSED [  8%]
backend/tests/test_backtester_manual.py::test_googl_backtest PASSED      [  8%]
backend/tests/test_briefing_generator.py::test_assemble_structured_data FAILED [  9%]
backend/tests/test_briefing_generator.py::test_generate_calls_gemini PASSED [  9%]
backend/tests/test_briefing_generator.py::test_generate_handles_gemini_failure FAILED [  9%]
backend/tests/test_briefing_generator.py::test_generate_with_no_trades PASSED [  9%]
backend/tests/test_briefings_api.py::test_get_portfolio_briefings ERROR  [  9%]
backend/tests/test_briefings_api.py::test_get_portfolio_briefings_empty PASSED [  9%]
backend/tests/test_briefings_api.py::test_get_single_briefing ERROR      [  9%]
backend/tests/test_briefings_api.py::test_get_single_briefing_not_found PASSED [ 10%]
backend/tests/test_briefings_db.py::test_save_briefing ERROR             [ 10%]
backend/tests/test_briefings_db.py::test_get_briefings_for_portfolio ERROR [ 10%]
backend/tests/test_briefings_db.py::test_get_briefing_by_run ERROR       [ 10%]
backend/tests/test_briefings_db.py::test_get_briefing_by_run_not_found ERROR [ 10%]
backend/tests/test_briefings_db.py::test_save_briefing_unique_run_id ERROR [ 10%]
backend/tests/test_caching.py::test_caching FAILED                       [ 10%]
backend/tests/test_caching_verbose.py::test_caching FAILED               [ 10%]
backend/tests/test_capex_fallback.py::test_capex_fallback_when_direct_tag_missing PASSED [ 11%]
backend/tests/test_capex_fallback.py::test_capex_prefers_direct_tag_over_fallback PASSED [ 11%]
backend/tests/test_capex_fallback.py::test_capex_fallback_with_depreciation_and_amortization PASSED [ 11%]
backend/tests/test_capex_fallback.py::test_capex_fallback_rejects_large_negative_values PASSED [ 11%]
backend/tests/test_capex_fallback.py::test_nvda_capex_gap_filled PASSED  [ 11%]
backend/tests/test_cascading_deletion.py::test_cascading_deletion FAILED [ 11%]
backend/tests/test_cascading_deletion.py::test_cascading_deletion ERROR  [ 11%]
backend/tests/test_consensus_thresholds.py::TestConsensusIntegration::test_veto_power_threshold PASSED [ 11%]
backend/tests/test_consensus_thresholds.py::TestConsensusIntegration::test_weighted_consensus_threshold PASSED [ 12%]
backend/tests/test_country_filter.py::test_country_filtering PASSED      [ 12%]
backend/tests/test_dashboard_endpoints.py::TestMarketIndexEndpoint::test_unsupported_index_returns_400 ERROR [ 12%]
backend/tests/test_dashboard_endpoints.py::TestMarketIndexEndpoint::test_invalid_period_returns_400 ERROR [ 12%]
backend/tests/test_dashboard_endpoints.py::TestMarketMoversEndpoint::test_get_movers_default ERROR [ 12%]
backend/tests/test_dashboard_endpoints.py::TestMarketMoversEndpoint::test_get_movers_weekly ERROR [ 12%]
backend/tests/test_dashboard_endpoints.py::TestMarketMoversEndpoint::test_get_movers_weekly_no_error ERROR [ 12%]
backend/tests/test_dashboard_endpoints.py::TestDashboardEndpoint::test_dashboard_requires_auth ERROR [ 13%]
backend/tests/test_dashboard_endpoints.py::TestMarketIndexPartialData::test_get_market_index_partial_data ERROR [ 13%]
backend/tests/test_dashboard_endpoints.py::TestDashboardEarningsEndpoint::test_get_earnings_days_param ERROR [ 13%]
backend/tests/test_dashboard_endpoints.py::TestDashboardEarningsEndpoint::test_get_earnings_scope_all ERROR [ 13%]
backend/tests/test_data_fetcher.py::test_fetch_stock_data_from_cache ERROR [ 13%]
backend/tests/test_data_fetcher.py::test_fetch_stock_data_not_cached ERROR [ 13%]
backend/tests/test_data_fetcher.py::test_fetch_stock_data_force_refresh ERROR [ 13%]
backend/tests/test_data_fetcher.py::test_fetch_stock_data_missing_info ERROR [ 14%]
backend/tests/test_data_fetcher.py::test_fetch_multiple_stocks ERROR     [ 14%]
backend/tests/test_data_fetcher.py::test_fetch_stock_data_stores_in_db ERROR [ 14%]
backend/tests/test_data_fetcher.py::test_get_nyse_nasdaq_symbols_returns_list ERROR [ 14%]
backend/tests/test_data_fetcher.py::test_hybrid_fetch_uses_edgar_for_fundamentals ERROR [ 14%]
backend/tests/test_data_fetcher.py::test_hybrid_fallback_to_yfinance_when_edgar_fails ERROR [ 14%]
backend/tests/test_data_fetcher.py::test_logging_edgar_attempt ERROR     [ 14%]
backend/tests/test_data_fetcher.py::test_logging_edgar_success_with_year_counts ERROR [ 15%]
backend/tests/test_data_fetcher.py::test_logging_fallback_to_yfinance_with_reason ERROR [ 15%]
backend/tests/test_data_fetcher.py::test_logging_yfinance_data_completeness_warning ERROR [ 15%]
backend/tests/test_data_fetcher.py::test_hybrid_partial_edgar_data_uses_available_years ERROR [ 15%]
backend/tests/test_data_fetcher.py::test_hybrid_uses_edgar_when_sufficient_years ERROR [ 15%]
backend/tests/test_data_fetcher.py::test_hybrid_falls_back_when_insufficient_edgar_years ERROR [ 15%]
backend/tests/test_database.py::test_init_schema_creates_tables ERROR    [ 15%]
backend/tests/test_database.py::test_save_and_retrieve_stock_basic ERROR [ 15%]
backend/tests/test_database.py::test_save_and_retrieve_stock_metrics ERROR [ 16%]
backend/tests/test_database.py::test_stock_metrics_with_null_dividend_yield ERROR [ 16%]
backend/tests/test_database.py::test_save_and_retrieve_earnings_history ERROR [ 16%]
backend/tests/test_database.py::test_save_and_retrieve_earnings_with_fiscal_end ERROR [ 16%]
backend/tests/test_database.py::test_cache_validity_fresh_data ERROR     [ 16%]
backend/tests/test_database.py::test_cache_validity_nonexistent_stock ERROR [ 16%]
backend/tests/test_database.py::test_get_nonexistent_stock_returns_none ERROR [ 16%]
backend/tests/test_database.py::test_get_earnings_history_empty ERROR    [ 17%]
backend/tests/test_database.py::test_update_existing_metrics ERROR       [ 17%]
backend/tests/test_database.py::test_get_all_cached_stocks ERROR         [ 17%]
backend/tests/test_database.py::test_update_earnings_history ERROR       [ 17%]
backend/tests/test_database.py::test_lynch_analyses_table_exists ERROR   [ 17%]
backend/tests/test_database.py::test_save_and_retrieve_lynch_analysis ERROR [ 17%]
backend/tests/test_database.py::test_get_nonexistent_lynch_analysis ERROR [ 17%]
backend/tests/test_database.py::test_update_lynch_analysis ERROR         [ 18%]
backend/tests/test_database.py::test_lynch_analysis_has_timestamp ERROR  [ 18%]
backend/tests/test_dcf_recommendations.py::test_generate_dcf_recommendations_valid_response ERROR [ 18%]
backend/tests/test_dcf_recommendations.py::test_generate_dcf_recommendations_handles_raw_json ERROR [ 18%]
backend/tests/test_dcf_recommendations.py::test_generate_dcf_recommendations_missing_scenario_raises ERROR [ 18%]
backend/tests/test_dcf_recommendations.py::test_generate_dcf_recommendations_invalid_model_raises ERROR [ 18%]
backend/tests/test_earnings_analyzer.py::test_calculate_cagr_positive_growth ERROR [ 18%]
backend/tests/test_earnings_analyzer.py::test_calculate_cagr_negative_growth ERROR [ 19%]
backend/tests/test_earnings_analyzer.py::test_calculate_cagr_zero_start_value ERROR [ 19%]
backend/tests/test_earnings_analyzer.py::test_calculate_cagr_zero_years ERROR [ 19%]
backend/tests/test_earnings_analyzer.py::test_calculate_growth_consistency_stable ERROR [ 19%]
backend/tests/test_earnings_analyzer.py::test_calculate_growth_consistency_volatile ERROR [ 19%]
backend/tests/test_earnings_analyzer.py::test_calculate_growth_consistency_insufficient_data ERROR [ 19%]
backend/tests/test_earnings_analyzer.py::test_calculate_earnings_growth_with_5_years ERROR [ 19%]
backend/tests/test_earnings_analyzer.py::test_calculate_earnings_growth_insufficient_data ERROR [ 20%]
backend/tests/test_earnings_analyzer.py::test_calculate_earnings_growth_no_data ERROR [ 20%]
backend/tests/test_earnings_analyzer.py::test_calculate_earnings_growth_declining_earnings ERROR [ 20%]
backend/tests/test_earnings_analyzer.py::test_calculate_earnings_growth_with_zeros ERROR [ 20%]
backend/tests/test_earnings_analyzer.py::test_calculate_earnings_growth_5_year_window_and_soft_penalty ERROR [ 20%]
backend/tests/test_earnings_extractor.py::test_extract_earnings_ground_truth[vz_8k.json-expected0] FAILED [ 20%]
backend/tests/test_earnings_extractor.py::test_extract_earnings_ground_truth[msft_8k.json-expected1] FAILED [ 20%]
backend/tests/test_earnings_extractor.py::test_extract_earnings_ground_truth[nflx_8k.json-expected2] FAILED [ 21%]
backend/tests/test_edgar_fetcher.py::test_ticker_to_cik_mapping PASSED   [ 21%]
backend/tests/test_edgar_fetcher.py::test_ticker_to_cik_not_found PASSED [ 21%]
backend/tests/test_edgar_fetcher.py::test_fetch_company_facts FAILED     [ 21%]
backend/tests/test_edgar_fetcher.py::test_parse_eps_history PASSED       [ 21%]
backend/tests/test_edgar_fetcher.py::test_parse_revenue_history PASSED   [ 21%]
backend/tests/test_edgar_fetcher.py::test_parse_debt_to_equity PASSED    [ 21%]
backend/tests/test_edgar_fetcher.py::test_rate_limiting FAILED           [ 21%]
backend/tests/test_edgar_fetcher.py::test_missing_eps_data PASSED        [ 22%]
backend/tests/test_edgar_fetcher.py::test_missing_revenue_data PASSED    [ 22%]
backend/tests/test_edgar_fetcher.py::test_user_agent_required FAILED     [ 22%]
backend/tests/test_edgar_fetcher.py::test_fetch_stock_fundamentals FAILED [ 22%]
backend/tests/test_edgar_fetcher.py::test_parse_revenue_with_alternative_field_names PASSED [ 22%]
backend/tests/test_edgar_fetcher.py::test_parse_revenue_field_priority PASSED [ 22%]
backend/tests/test_edgar_fetcher.py::test_parse_revenue_collects_from_multiple_fields PASSED [ 22%]
backend/tests/test_edgar_fetcher.py::test_parse_eps_history_ifrs_with_dkk PASSED [ 23%]
backend/tests/test_edgar_fetcher.py::test_parse_eps_history_ifrs_with_usd_fallback PASSED [ 23%]
backend/tests/test_edgar_fetcher.py::test_parse_revenue_history_ifrs_with_dkk PASSED [ 23%]
backend/tests/test_edgar_fetcher.py::test_parse_revenue_history_ifrs_prefers_usd PASSED [ 23%]
backend/tests/test_edgar_fetcher.py::test_parse_eps_history_ifrs_filters_20f_forms PASSED [ 23%]
backend/tests/test_edgar_fetcher.py::test_net_income_is_split_independent PASSED [ 23%]
backend/tests/test_edgar_fetcher.py::test_quarterly_net_income_with_calculated_q4 PASSED [ 23%]
backend/tests/test_edgar_fetcher.py::test_calculate_split_adjusted_eps_from_net_income PASSED [ 24%]
backend/tests/test_edgar_fetcher.py::test_fetch_real_eps_data_integration PASSED [ 24%]
backend/tests/test_edgar_fetcher.py::test_parse_quarterly_net_income_includes_losses PASSED [ 24%]
backend/tests/test_edgar_fetcher.py::test_parse_quarterly_net_income_accepts_all_mathematically_valid_data PASSED [ 24%]
backend/tests/test_edgar_fetcher.py::test_merge_quarterly_data_with_none_quarter PASSED [ 24%]
backend/tests/test_edgar_fetcher.py::test_merge_quarterly_data_with_none_year PASSED [ 24%]
backend/tests/test_edgar_gap_fixes.py::TestShareholderEquityTagCoverage::test_standard_tag_still_works PASSED [ 24%]
backend/tests/test_edgar_gap_fixes.py::TestShareholderEquityTagCoverage::test_common_stockholders_equity_tag PASSED [ 25%]
backend/tests/test_edgar_gap_fixes.py::TestShareholderEquityTagCoverage::test_members_equity_tag PASSED [ 25%]
backend/tests/test_edgar_gap_fixes.py::TestShareholderEquityTagCoverage::test_bank_equity_tag PASSED [ 25%]
backend/tests/test_edgar_gap_fixes.py::TestShareholderEquityTagCoverage::test_standard_tag_preferred_over_fallback PASSED [ 25%]
backend/tests/test_edgar_gap_fixes.py::TestShareholderEquityTagCoverage::test_returns_empty_when_no_equity_tags PASSED [ 25%]
backend/tests/test_edgar_gap_fixes.py::TestCalculatedEPSFallback::test_calculated_eps_when_direct_eps_missing PASSED [ 25%]
backend/tests/test_edgar_gap_fixes.py::TestCalculatedEPSFallback::test_calculated_eps_uses_division PASSED [ 25%]
backend/tests/test_edgar_gap_fixes.py::TestCalculatedEPSFallback::test_calculated_eps_empty_when_shares_missing PASSED [ 26%]
backend/tests/test_edgar_gap_fixes.py::test_store_edgar_earnings_uses_calculated_eps_when_direct_missing PASSED [ 26%]
backend/tests/test_edgar_gap_fixes.py::TestNetIncomeTagCoverage::test_standard_net_income_loss_tag PASSED [ 26%]
backend/tests/test_edgar_gap_fixes.py::TestNetIncomeTagCoverage::test_preferred_stock_adjusted_ni_tag PASSED [ 26%]
backend/tests/test_edgar_gap_fixes.py::TestNetIncomeTagCoverage::test_profit_loss_us_gaap_tag PASSED [ 26%]
backend/tests/test_edgar_gap_fixes.py::TestNetIncomeTagCoverage::test_standard_tag_preferred_over_fallback PASSED [ 26%]
backend/tests/test_edgar_gap_fixes.py::TestQuarterlyEPSExtraction::test_extracts_eps_with_revenue_present PASSED [ 26%]
backend/tests/test_edgar_gap_fixes.py::TestQuarterlyEPSExtraction::test_extracts_eps_without_revenue PASSED [ 26%]
backend/tests/test_edgar_gap_fixes.py::TestQuarterlyEPSExtraction::test_extracts_eps_with_alternative_diluted_labels PASSED [ 27%]
backend/tests/test_edgar_gap_fixes.py::TestQuarterlyEPSExtraction::test_period_key_uses_most_recent_90day_period PASSED [ 27%]
backend/tests/test_edgar_gap_fixes.py::TestQuarterlyEPSExtraction::test_ignores_non_quarterly_periods PASSED [ 27%]
backend/tests/test_edgar_gap_fixes.py::test_quarterly_job_stores_shareholder_equity PASSED [ 27%]
backend/tests/test_edgar_gap_fixes.py::test_quarterly_job_processes_eps_only_company PASSED [ 27%]
backend/tests/test_edgar_gap_fixes.py::TestCapexLabelExtraction::test_capital_addition_label_matches PASSED [ 27%]
backend/tests/test_edgar_gap_fixes.py::TestCapexLabelExtraction::test_purchases_of_equipment_label_matches PASSED [ 27%]
backend/tests/test_edgar_gap_fixes.py::TestCapexLabelExtraction::test_original_property_label_still_matches PASSED [ 28%]
backend/tests/test_edgar_gap_fixes.py::TestFirstDateColumn::test_returns_first_date_column PASSED [ 28%]
backend/tests/test_edgar_gap_fixes.py::TestFirstDateColumn::test_returns_none_when_no_bare_date_column PASSED [ 28%]
backend/tests/test_edgar_gap_fixes.py::TestFirstDateColumn::test_ignores_non_date_columns PASSED [ 28%]
backend/tests/test_edgar_gap_fixes.py::TestComputeDiscreteCF::test_single_quarter_equals_ytd PASSED [ 28%]
backend/tests/test_edgar_gap_fixes.py::TestComputeDiscreteCF::test_two_quarters_subtracts_prior_ytd PASSED [ 28%]
backend/tests/test_edgar_gap_fixes.py::TestComputeDiscreteCF::test_full_year_four_quarters PASSED [ 28%]
backend/tests/test_edgar_gap_fixes.py::TestComputeDiscreteCF::test_multiple_fiscal_years_independent PASSED [ 29%]
backend/tests/test_edgar_gap_fixes.py::TestComputeDiscreteCF::test_none_ocf_handled_gracefully PASSED [ 29%]
backend/tests/test_edgar_gap_fixes.py::TestCFRawDataExtraction::test_ytd_period_key_extracted PASSED [ 29%]
backend/tests/test_edgar_gap_fixes.py::TestCFRawDataExtraction::test_negative_ocf_preserved PASSED [ 29%]
backend/tests/test_edgar_gap_fixes.py::TestCFRawDataExtraction::test_depreciation_of_property_not_matched_as_capex PASSED [ 29%]
backend/tests/test_edgar_gap_fixes.py::TestCoverPageFiscalEndFallback::test_first_date_column_finds_date_in_cover_page_header PASSED [ 29%]
backend/tests/test_edgar_gap_fixes.py::TestCoverPageFiscalEndFallback::test_first_date_column_returns_none_for_non_date_columns PASSED [ 29%]
backend/tests/test_edgar_gap_fixes.py::TestEPSConceptMatching::test_eps_via_continuing_ops_concept_avgo_amd PASSED [ 30%]
backend/tests/test_edgar_gap_fixes.py::TestEPSConceptMatching::test_eps_via_earnings_per_share_diluted_concept_dis PASSED [ 30%]
backend/tests/test_edgar_gap_fixes.py::TestEPSConceptMatching::test_eps_via_dilution_label_nee PASSED [ 30%]
backend/tests/test_edgar_postgres.py::test_edgar_with_postgres PASSED    [ 30%]
backend/tests/test_email_service.py::TestSendBriefingEmail::test_sends_email_ERROR     [ 30%]
backend/tests/test_email_service.py::TestSendBriefingEmail::test_sends_email_with_correct_recipient PASSED [ 30%]
backend/tests/test_email_service.py::TestSendBriefingEmail::test_email_subject_contains_portfolio_name PASSED [ 30%]
backend/tests/test_email_service.py::TestSendBriefingEmail::test_email_body_contains_key_metrics PASSED [ 30%]
backend/tests/test_email_service.py::TestSendBriefingEmail::test_returns_false_when_resend_not_configured PASSED [ 31%]
backend/tests/test_email_service.py::TestSendBriefingEmail::test_returns_false_on_send_error PASSED [ 31%]
backend/tests/test_email_service.py::TestBuildBriefingHtml::test_renders_executive_summary PASSED [ 31%]
backend/tests/test_email_service.py::TestBuildBriefingHtml::test_renders_buy_trades PASSED [ 31%]
backend/tests/test_email_service.py::TestBuildBriefingHtml::test_renders_sell_trades PASSED [ 31%]
backend/tests/test_exchanges.py::test_exchange_discovery PASSED          [ 31%]
backend/tests/test_exit_conditions.py::TestExitConditions::test_check_exits_max_hold_days_hit PASSED [ 31%]
backend/tests/test_exit_conditions.py::TestExitConditions::test_check_exits_max_hold_days_not_hit PASSED [ 31%]
backend/tests/test_exit_conditions.py::TestExitConditions::test_check_exits_no_entry_date PASSED [ 32%]
backend/tests/test_exit_conditions.py::TestExitConditions::test_default_score_degradation_applied_when_not_configured PASSED [ 32%]
backend/tests/test_exit_conditions.py::TestExitConditions::test_default_score_degradation_constant_exists PASSED [ 32%]
backend/tests/test_exit_conditions.py::TestExitConditions::test_explicit_score_degradation_overrides_default PASSED [ 32%]
backend/tests/test_exit_detection.py::test_universe_compliance_exit FAILED [ 32%]
backend/tests/test_exit_detection.py::test_universe_compliance_no_exit_for_passing PASSED [ 32%]
backend/tests/test_exit_detection.py::test_universe_compliance_empty_holdings PASSED [ 32%]
backend/tests/test_exit_detection.py::test_default_score_degradation_applied_when_not_configured PASSED [ 33%]
backend/tests/test_exit_detection.py::test_explicit_score_degradation_overrides_default PASSED [ 33%]
backend/tests/test_exit_detection.py::test_phase5_consolidation_all_sources_merged FAILED [ 33%]
backend/tests/test_exit_detection.py::test_held_declined_get_deliberated FAILED [ 33%]
backend/tests/test_exit_detection.py::test_held_declined_avoid_exits FAILED [ 33%]
backend/tests/test_exit_detection.py::test_held_declined_buy_does_not_add_position PASSED [ 33%]
backend/tests/test_flexibERROR [ 33%]
backend/tests/test_flexible_auth.py::TestFlexibleAuthentication::test_create_job_ERROR [ 33%]
backenERROR [ 34%]
backend/tests/test_flexible_auth.py::TestFlexibleAuthentication::test_create_job_ERROR [ 34%]
baERROR [ 34%]
backend/tests/test_flexible_auth.py::TestFlexibleAuthentication::test_create_job_ERROR [ 34%]
backend/tests/test_flexible_ERROR [ 34%]
backend/tests/test_flexible_auth.py::TestJobCreation::test_create_screening_job ERROR [ 34%]
backend/tests/test_flexible_auth.py::TestJobCreation::test_create_non_screening_jERRERROR [ 34%]
backend/tests/test_form4_skip_logic.py::TestForm4SkipLogicUnit::test_since_date_cERROR [ 34%]
backend/tests/test_form4_skip_logic.py::TestForm4SkipLogicUnit::test_since_date_calculation PASSED [ 34%]
backend/tests/test_form4_skip_logic.py::TestForm4SkipLogicUnit::test_skip_condition_with_has_trades_true PASSED [ 34%]
backend/tests/test_form4_skip_logic.py::TestForm4SkipLogicUnit::test_skip_condition_with_has_trades_false PASSED [ 35%]
backend/tests/test_form4_skip_logic.py::TestForm4SkipLogicUnit::test_skip_condition_force_refresh_overrides PASSED [ 35%]
backend/tests/test_form4_skip_logic.py::TestForm4SkipLogicUnit::test_skip_condition_force_refresh_false_explicit PASSED [ 35%]
backend/tests/test_form4_skip_logic.py::TestSQLQuery::test_sql_uses_correct_comparison_operator PASSED [ 35%]
backend/tests/test_form4_skip_logic.py::TestSQLQuery::test_sql_returns_boolean PASSED [ 35%]
backend/tests/test_form4_skip_logic.py::TestWorkerIntegration::test_worker_has_skip_logic PASSED [ 35%]
backend/tests/test_form4_skip_logic.py::TestWorkerIntegration::test_worker_foERROR        [ 36%]
backend/tests/test_incremental_price_caching.py::TestIncrementalPriceCachiERROR        [ 36%]
backend/tests/test_incremental_price_caching.py::TestIncrementalPriceCaching::test_full_history_when_no_cached_data FAILED [ 36%]
backend/tests/test_incremental_price_caching.py::TestIncrementalPriceCaching::test_incremental_update_when_cached_data_exists FAILED [ 36%]
backend/tests/test_incremental_price_caching.py::TestIncrementalPriceCaching::test_empty_cached_data_triggers_full_fetch FAILED [ 36%]
backend/tests/test_incremental_price_caching.py::TestIncrementalPriceCaching::test_no_new_data_available FAILED [ 36%]
backend/tests/test_incremental_price_caching.py::TestIncrementalPriceCaching::test_uses_most_recent_date_from_cache FAILED [ 36%]
backend/tests/test_incremental_price_caching.py::TestYFinancePriceClientIncremental::test_fetches_data_from_start_date PASSED [ 36%]
backend/tests/test_incremental_price_caching.py::TestYFinancePriceClientIncremental::test_returns_empty_when_no_new_data PASSED [ 36%]
backend/tests/test_incremental_price_caching.py::TestYFinancePriceClientIncremental::test_handles_empty_response PASSED [ 37%]
backend/tests/test_incremental_price_caching.py::TestYFinancePriceClientIncremental::test_handles_missing_close_column PASSED [ 37%]
backend/tests/test_incremental_price_caching.py::TestPerformanceComparison::test_incremental_fetches_less_data PASSED [ 37%]
backend/tests/test_international.py::test_international_stocks PASSED  ERROR [ 37%]
backend/tests/test_job_api.py::TestCreateJobEndpoint::test_create_job_returns_penERROR [ 37%]ERROR [ 37%]
backend/tests/test_job_api.py::TestCreateJobEndpoint::test_create_job_stores_paraERRERROR [ 37%]
backend/tests/test_job_api.py::TestCreateJobEndpoint::test_create_job_requires_tyERRERROR [ 38%]
backend/tests/test_job_api.py::TestCreateJobEndpoint::test_create_job_accepts_empERROR [ 38ERROR [ 38%]
backend/tests/test_job_api.py::TestGetJobEndpoint::test_get_job_returns_job_data ERROR [ 38%]
backend/tests/test_job_api.py::TestGetJobEndpoint::test_get_job_returns_status ERROR [ 38%]
backend/tests/test_job_api.py::TestGetJobEndpoint::test_get_job_returns_progress ERROR [ 38%]
backend/tests/test_job_api.py::TestGetJobEndpoint::test_get_nonexistent_job_returERROR [ERROR [ 38%]
backend/tests/test_job_api.py::TestGetJobEndpoint::test_get_job_returns_result_whERROR [ 38%]ERROR [ 38%]
backend/tests/test_job_api.py::TestCancelJobEndpoint::test_cancel_job_sets_cancelERROR [ 38%ERROR [ 39%]
backend/tests/test_job_api.py::TestCancelJobEndpoint::test_cancel_nonexistent_jobERROR [ 39%]
ERROR [ 39%]
backend/tests/test_job_api.py::TestCancelJobEndpoint::test_cancel_completed_job_sERROR [ 39%ERROR [ 39%]
backend/tests/test_lynch_algorithms.py::TestAlgorithmMetadata::test_weighted_algoERROR [ 39%]
backend/tests/test_lynch_algorithms.py::TestAlgorithmMetadata::test_weighted_algorithm_has_metadata FAILED [ 39%]
backend/tests/test_lynch_algorithms.py::TestAlgorithmMetadata::test_only_one_recommended_algorithm FAILED [ 39%]
backend/tests/test_lynch_algorithms.py::TestAlgorithmMetadata::test_weighted_is_recommended FAILED [ 39%]
backend/tests/test_lynch_algorithms.py::TestLynchCriteriaAlgorithms::test_weighted_excellent_stock PASSED [ 39%]
backend/tests/test_lynch_algorithms.py::TestLynchCriteriaAlgorithms::test_weighted_poor_stock PASSED [ 40%]
backend/tests/test_lynch_algorithms.py::TestLynchCriteriaAlgorithms::test_weighted_mixed_stock PASSED [ 40%]
backend/tests/test_lynch_algorithms.py::TestLynchCriteriaAlgorithms::test_evaluate_stock_routes_to_weighted PASSED [ 40%]
backend/tests/test_lynch_algorithms.py::TestLynchCriteriaAlgorithms::test_evaluate_stock_handles_unknown_algorithm PASSED [ 40%]
backend/tests/test_lynch_algorithms.py::TestAlgorithmConsistency::test_weighted_deterministic PASSED [ 40%]
backend/tests/test_lynch_algorithms.py::TestAlgorithmConsistency::test_weighted_algorithm_returns_requireERROR [ 40%]
backend/tests/test_lynch_analyst.py::test_format_prompt_includes_key_metrics ERROR [ 41%]
backend/tests/test_lynch_analyst.py::test_format_prompt_includes_history ERROR [ 41%]
backend/tests/test_lynch_analyst.py::test_format_prompt_includes_lynch_principlesEERROR [ 41%]
backend/tests/test_lynch_analyst.py::test_format_prompt_requests_specific_length ERROR [ 41%]
backend/tests/test_lynch_analyst.py::test_generate_analysis_calls_gemini_api ERROR [ 41%]
backend/tests/test_lynch_analyst.py::test_generate_analysis_handles_api_error ERROR [ 41%]
backend/tests/test_lynch_analyst.py::test_get_or_generate_uses_cache ERROR [ 41%]
backend/tests/test_lynch_analyst.py::test_get_or_generate_bypasses_cache_when_reqERROR [ERROR [ 42%]
backend/tests/test_lynch_analyst.py::test_get_or_generate_saves_to_cache ERROR [ 42%]
backend/tests/test_lynch_criteria.py::test_calculate_peg_ratio ERROR     [ 42%]
backend/tests/test_lynch_criteria.py::test_calculate_peg_ratio_zero_growth ERROR [ 42%]
backend/tests/test_lynch_criteria.py::test_calculate_peg_ratio_negative_growth ERROR [ 42%]
backend/tests/test_lynch_criteria.py::test_evaluate_peg_pass ERROR       [ 42%]
backend/tests/test_lynch_criteria.py::test_evaluate_peg_close ERROR      [ 42%]
backend/tests/test_lynch_criteria.py::test_evaluate_peg_fail ERROR       [ 42%]
backend/tests/test_lynch_criteria.py::test_evaluate_debt_pass ERROR      [ 43%]
backend/tests/test_lynch_criteria.py::test_evaluate_debt_close ERROR     [ 43%]
backend/tests/test_lynch_criteria.py::test_evaluate_debt_fail ate_debt_close 